// Jest Snapshot v1, https://goo.gl/fbAQLP

exports[`Loader should render correctly 1`] = `
.c0 {
  font-size: 1.5rem;
  font-weight: bold;
}

<span
  class="c0"
>
  Loader's content
</span>
`;
