// Jest Snapshot v1, https://goo.gl/fbAQLP

exports[`Homepage should render correctly 1`] = `
.c0 {
  display: -webkit-box;
  display: -webkit-flex;
  display: -ms-flexbox;
  display: flex;
  -webkit-flex-direction: column;
  -ms-flex-direction: column;
  flex-direction: column;
  min-height: 100vh;
}

.c1 {
  font-size: 2rem;
  text-align: center;
}

<div>
  <div
    class="c0"
  >
    <h1
      class="c1"
    >
      Welcome to React Next Base
    </h1>
  </div>
</div>
`;
