// Jest Snapshot v1, https://goo.gl/fbAQLP

exports[`ActivityPagination should render correctly 1`] = `
.c1 {
  display: -webkit-box;
  display: -webkit-flex;
  display: -ms-flexbox;
  display: flex;
  padding: 0.5rem;
  background-color: transparent;
  border: 2px solid #ccc;
  cursor: default;
  border-right-width: 0;
  border-top-left-radius: 5px;
  border-bottom-left-radius: 5px;
}

.c1 svg {
  fill: #ccc;
  -webkit-transition: fill 0.2s;
  transition: fill 0.2s;
}

.c4 {
  display: -webkit-box;
  display: -webkit-flex;
  display: -ms-flexbox;
  display: flex;
  padding: 0.5rem;
  background-color: transparent;
  border: 2px solid #ccc;
  border-left-width: 0;
  border-top-right-radius: 5px;
  border-bottom-right-radius: 5px;
}

.c4 {
  background-color: transparent;
  -webkit-transition: background-color 0.2s;
  transition: background-color 0.2s;
}

.c4:hover {
  background-color: rgba(0,0,0,0.05);
  -webkit-transition: background-color 0.2s;
  transition: background-color 0.2s;
}

.c0 {
  display: -webkit-box;
  display: -webkit-flex;
  display: -ms-flexbox;
  display: flex;
  -webkit-box-pack: center;
  -webkit-justify-content: center;
  -ms-flex-pack: center;
  justify-content: center;
  margin-bottom: 1rem;
}

.c2 {
  width: 15px;
}

.c5 {
  width: 15px;
}

.c3 {
  padding: 0.25rem 0.7rem;
  border: 2px solid #ccc;
  font-size: 1.1rem;
}

<div
  class="c0"
  data-testid="activity-pagination"
>
  <button
    class="c1"
    disabled=""
    type="button"
  >
    <svg
      class="c2"
      viewBox="0 0 492 492"
      xmlns="http://www.w3.org/2000/svg"
    >
      <path
        d="M198.608 246.104L382.664 62.04c5.068-5.056 7.856-11.816 7.856-19.024 0-7.212-2.788-13.968-7.856-19.032l-16.128-16.12C361.476 2.792 354.712 0 347.504 0s-13.964 2.792-19.028 7.864L109.328 227.008c-5.084 5.08-7.868 11.868-7.848 19.084-.02 7.248 2.76 14.028 7.848 19.112l218.944 218.932c5.064 5.072 11.82 7.864 19.032 7.864 7.208 0 13.964-2.792 19.032-7.864l16.124-16.12c10.492-10.492 10.492-27.572 0-38.06L198.608 246.104z"
      />
    </svg>
  </button>
  <span
    class="c3"
  >
    1
  </span>
  <button
    class="c4"
    data-cy="next-pagination"
    data-testid="next-pagination"
    type="button"
  >
    <svg
      class="c5"
      viewBox="0 0 492.004 492.004"
      xmlns="http://www.w3.org/2000/svg"
    >
      <path
        d="M382.678 226.804L163.73 7.86C158.666 2.792 151.906 0 144.698 0s-13.968 2.792-19.032 7.86l-16.124 16.12c-10.492 10.504-10.492 27.576 0 38.064L293.398 245.9l-184.06 184.06c-5.064 5.068-7.86 11.824-7.86 19.028 0 7.212 2.796 13.968 7.86 19.04l16.124 16.116c5.068 5.068 11.824 7.86 19.032 7.86s13.968-2.792 19.032-7.86L382.678 265c5.076-5.084 7.864-11.872 7.848-19.088.016-7.244-2.772-14.028-7.848-19.108z"
      />
    </svg>
  </button>
</div>
`;
